---
source: crates/cli/src/tui/config/tests.rs
expression: draw(&editor).backend()
---
"┌ /home/u/.config/sanic-review/config.toml → /home/u/dotfiles/sanic. 3 unsaved ┐"
"│ # the `claude` executable; a bare name is looked up on PATH                  │"
"│ # claude = "claude"                                                (default) │"
"│ # agent runs at once, across all PRs                                         │"
"│ # max_concurrent = 2                                               (default) │"
"│ # seconds before a run is killed                                             │"
"│ # timeout_secs = 1800                                              (default) │"
"│ # more directories the agent may read                                        │"
"│ # read_paths = []                                                  (default) │"
"│ # the review model; `auto` is your own Claude default                        │"
"│ ┌ Remove profile? ─────────────────────────────────────────────────────────┐ │"
"│ │ Remove [profile.first] and everything in it?                             │ │"
"│ │                                                                          │ │"
"│ │ y remove · any other key keeps it                                        │ │"
"│ └──────────────────────────────────────────────────────────────────────────┘ │"
"│ # `emacs` or `vi` keys in text fields; unset, guessed from readline and $EDI │"
"│ # keys = "emacs"                                                   (guessed) │"
"│                                                                              │"
"│ [profile.first]                                                              │"
"│ What this config does ───────────────────────────────────────────────────────│"
"│ Counting starts once the config loads.                                       │"
"│──────────────────────────────────────────────────────────────────────────────│"
"│ … checking         ↵ edit  + add  - remove  u unset  f find  ^S save  ? keys │"
"└──────────────────────────────────────────────────────────────────────────────┘"
