---
source: crates/cli/src/tui/config/tests.rs
expression: draw(&editor).backend()
---
"┌ /home/u/.config/sanic-review/config.toml → /home/u/dotfiles/sanic.toml ──────┐"
"│ # files whose text goes in the agent's system prompt                         │"
"│ # instructions = []                                                (default) │"
"│ # skill directories the agent may read                                       │"
"│ # skills = []                                                      (default) │"
"│ # the review model for this profile's PRs                                    │"
"│ # model = "auto"                                         (from runner.model) │"
"│ # added to `review_requests.skip_titles` for this profile's PRs              │"
"│ # skip_titles = []                                                 (default) │"
"│ # overrides `review_requests.skip_drafts` for this profile's PRs             │"
"│ # skip_drafts = true                      (from review_requests.skip_drafts) │"
"│ # draft fixes for comments on your own PRs, in a workspace of their checkout │"
"│ # auto_fix = false                                                 (default) │"
"│ # what this profile reviews; the most specific entry wins                    │"
"│ repos = [                                                                    │"
"│   { github = "org" },                                      32 repos · 30 PRs │"
"│ What this config does ───────────────────────────────────────────────────────│"
"│ Watches 33 repos (32 in 1 org, 1 named directly). You're asked for 12        │"
"│ reviews in 1 repo, maybe fewer: search can't apply your path globs. You have │"
"│ 40 open PRs, maybe fewer for the same reason. Only PRs updated in the last   │"
"│ 14 days count. serve is showing the last 30 days.                            │"
"│──────────────────────────────────────────────────────────────────────────────│"
"│ ✓ loads            ↵ edit  + add  - remove  u unset  f find  ^S save  ? keys │"
"└──────────────────────────────────────────────────────────────────────────────┘"
