---
source: crates/cli/src/tui/config/tests.rs
expression: draw(&editor).backend()
---
"┌ /home/u/.config/sanic-review/config.toml → /home/u/dotfiles/sanic. 3 unsaved ┐"
"│ # never review draft PRs automatically                                       │"
"│ # skip_drafts = true                                               (default) │"
"│                                                                              │"
"│ [runner]                                                                     │"
"│ # the `claude` executable; a bare name is looked up on PATH                  │"
"│ # claude = "claude"                                                (default) │"
"│ # agent runs at once, across all PRs                                         │"
"│ # max_concurrent = 2                                               (default) │"
"│ # seconds before a run is killed                                             │"
"│ ┌ Remove profile? ─────────────────────────────────────────────────────────┐ │"
"│ │ Remove [profile.first] and everything in it?                             │ │"
"│ │                                                                          │ │"
"│ │ y remove · any other key keeps it                                        │ │"
"│ └──────────────────────────────────────────────────────────────────────────┘ │"
"│ # hold queued reviews until you start them                                   │"
"│ manual_reviews = true                                                        │"
"│                                                                              │"
"│ [profile.first]                                                              │"
"│ What this config does ───────────────────────────────────────────────────────│"
"│ Counting starts once the config loads.                                       │"
"│──────────────────────────────────────────────────────────────────────────────│"
"│ … checking         ↵ edit  + add  - remove  u unset  f find  ^S save  ? keys │"
"└──────────────────────────────────────────────────────────────────────────────┘"
