---
source: crates/cli/src/tui/config/tests.rs
expression: draw(&editor).backend()
---
"┌ /home/u/.config/sanic-review/config.toml → /home/u/dotfiles/sanic. 4 unsaved ┐"
"│ # instructions = []                                                (default) │"
"│ # skill directories the agent may read                                       │"
"│ # skills = []                                                      (default) │"
"│ # the review model for this profile's PRs                                    │"
"│ # model = "auto"                                         (from runner.model) │"
"│ # overrides `runner.manual_reviews` for this profile's PRs                   │"
"│ # manual_reviews = true                         (from runner.manual_reviews) │"
"│ # ┌ [profile.ring] repos[0] ─────────────────────────────────────────────┐   │"
"│ # │                                                                      │t) │"
"│ # │ kind    ( ) checkout  (•) checkout + paths  ( ) github               │   │"
"│ # │ repo    /src/services                                                │t) │"
"│ # │ remote  # found from the checkout                                    │   │"
"│ # │ paths   /documentation/**                                            │s) │"
"│ # │                                                                      │ut │"
"│ # └──────────────────────────────────────────────────────────────────────┘t) │"
"│ # what this profile reviews; the most specific entry wins                    │"
"│ repos = [                                                                    │"
"│   { repo = "/src/services", paths = ["/documentation/**"] },                 │"
"│ What this config does ───────────────────────────────────────────────────────│"
"│ Counting starts once the config loads.                                       │"
"│──────────────────────────────────────────────────────────────────────────────│"
"│ … checking            Esc back  Space kind  ↵ edit  + glob  - remove  ? keys │"
"└──────────────────────────────────────────────────────────────────────────────┘"
