---
source: crates/cli/src/tui/config/tests.rs
expression: draw(&editor).backend()
---
"┌ /home/u/.config/sanic-review/config.toml → /home/u/dotfiles/sanic. 2 unsaved ┐"
"│                                                                              │"
"│ # Mine.                                                                      │"
"│ [poll]                                                                       │"
"│ # seconds between the GraphQL searches that catch what notifications miss    │"
"│ # reconcile_secs = 300                                             (default) │"
"│ # fewest seconds between notification polls; GitHub can ask for more         │"
"│ # min_notification_secs = 60                                       (default) │"
"│ # seconds a PR must go quiet before its review starts                        │"
"│ quiet_secs = 30  # short                                                     │"
"│ # ignore PRs quiet for longer; 0 is no limit                                 │"
"│ # updated_within_days = 14                                         (default) │"
"│                                                                              │"
"│ [review_requests]                                                            │"
"│ # which of your teams' requests count: the last glob that matches wins, `!`  │"
"│ teams = ["*", ▸"!org/storage"]                                               │"
"│ # whose PRs count: the last glob that matches wins, `!` excludes             │"
"│ # authors = ["*"]                                                  (default) │"
"│ # never review PRs with these titles automatically                           │"
"│ What this config does ───────────────────────────────────────────────────────│"
"│ Counting starts once the config loads.                                       │"
"│──────────────────────────────────────────────────────────────────────────────│"
"│ … checking         ↵ edit  + add  - remove  u unset  f find  ^S save  ? keys │"
"└──────────────────────────────────────────────────────────────────────────────┘"
