---
source: crates/cli/src/tui/config/tests.rs
expression: draw(&editor).backend()
---
"┌ Config /home/u/.config/sanic-review/config.toml → /home/u/dotfiles/sanic.toml┐"
"│ github            │  [profile.ring]                                          │"
"│ poll              │                                                          │"
"│ review_requests   │  name          ring                                      │"
"│ runner            │  instructions  ‹default: none›                           │"
"│ profiles          │  skills        ‹default: none›                           │"
"│   ring            │  model         ‹runner.model: auto›                      │"
"│                   │  skip_titles   ‹default: none›                           │"
"│                   │  skip_drafts   ‹review_requests.skip_drafts: true›       │"
"│                   │  auto_fix      ‹default: false›                          │"
"│                   │  repos         { github = "org" }                        │"
"│                   │                                                          │"
"│                   │                                                          │"
"│                   │                                                          │"
"│                   │                                                          │"
"│                   │                                                          │"
"│                   │                                                          │"
"│                   │                                                          │"
"│                   │                                                          │"
"│                   │                                                          │"
"│                                                                              │"
"│ skill directories the agent may read                                         │"
"│ ✓ loads                    + add · - remove · f find · u unset · ^S save · ? │"
"└──────────────────────────────────────────────────────────────────────────────┘"
