---
source: crates/cli/src/tui/config/tests.rs
expression: draw(&editor).backend()
---
"┌ /home/u/.config/sanic-review/config.toml → /home/u/dotfiles/sanic.toml ──────┐"
"│ # instructions = []                                                (default) │"
"│ # skill directories the agent may read                                       │"
"│ # skills = []                                                      (default) │"
"│ # the review model for this profile's PRs                                    │"
"│ # model = "auto"                                         (from runner.model) │"
"│ # added to `review_requests.skip_titles` for this profile's PRs              │"
"│ # skip_titles = []                                                 (default) │"
"│ # overrides `review_requests.skip_drafts` for this profile's PRs             │"
"│ # skip_drafts = true                      (from review_requests.skip_drafts) │"
"│ # draft fixes for comments on your own PRs, in a workspace of their checkout │"
"│ # auto_fix = false                                                 (default) │"
"│ # what this profile reviews; the most specific entry wins                    │"
"│ repos = [                                                                    │"
"│   { github = "org" },                                  counting… · counting… │"
"│ What this config does ───────────────────────────────────────────────────────│"
"│ · Counting the repos it watches…                                             │"
"│ · Counting the reviews you're asked for…                                     │"
"│ · Counting your open PRs…                                                    │"
"│ · Only PRs updated in the last 14 days count                                 │"
"│ Still counting…                                                              │"
"│──────────────────────────────────────────────────────────────────────────────│"
"│ ✓ loads            ↵ edit  + add  - remove  u unset  f find  ^S save  ? keys │"
"└──────────────────────────────────────────────────────────────────────────────┘"
