---
source: crates/cli/src/tui.rs
expression: "draw(&mut app, 80, 16).backend()"
---
"┌ Reviews you owe (0) ─────────────────────────────────────────────────────────┐"
"│No reviews requested.                                                         │"
"│                                                                              │"
"└──────────────────────────────────────────────────────────────────────────────┘"
"┌ Your PRs (0) ────────────────────────────────────────────────────────────────┐"
"│No open PRs of yours.                                                         │"
"│                                                                              │"
"└──────────────────────────────────────────────────────────────────────────────┘"
"┌ Activity ────────────────────────────────────────────────────────────────────┐"
"│Nothing yet.                                                                  │"
"└──────────────────────────────────────────────────────────────────────────────┘"
"┌ Log ─────────────────────────────────────────────────────────────────────────┐"
"│                                                                              │"
"│                                                                              │"
"└──────────────────────────────────────────────────────────────────────────────┘"
" ? help · o dashboard · q quit          0 queued · 0 running · 0 pending drafts "
