---
source: crates/cli/src/tui.rs
expression: "draw(&mut app, 80, 24).backend()"
---
"┌ Reviews you owe (5) ─────────────────────────────────────────────────────────┐"
"│d┌ Ignore by title ─────────────────────────────────────────────────────────┐l│"
"│s│┌ Title ─────────────────────────────────────────────────────────────────┐│p│"
"│q││build(deps): bump tokio                                                 ││b│"
"│w│└────────────────────────────────────────────────────────────────────────┘│ │"
"└─│┌ Description ───────────────────────────────────────────────────────────┐│─┘"
"┌ ││build(deps): bump tokio, in detail.                                     ││─┐"
"│c││                                                                        ││ │"
"│w││                                                                        ││n│"
"│ ││                                                                        ││ │"
"│ ││                                                                        ││ │"
"└─│└────────────────────────────────────────────────────────────────────────┘│─┘"
"┌ │┌ Pattern ───────────────────────────────────────────────────────────────┐│─┐"
"│1││build(deps)*▏                                                           ││b│"
"│1│└────────────────────────────────────────────────────────────────────────┘│ │"
"│1│┌ Would skip (1) ────────────────────────────────────────────────────────┐│ │"
"└─││https://github.com/org/api/pull/490  build(deps): bump tokio            ││─┘"
"┌ ││                                                                        ││─┐"
"│1││                                                                        ││ │"
"│1││                                                                        ││ │"
"│ │└────────────────────────────────────────────────────────────────────────┘│ │"
"│ │ Enter save · Esc cancel · ↑/↓ scroll description · Ctrl-U clear          │ │"
"└─└──────────────────────────────────────────────────────────────────────────┘─┘"
" ? help · q quit                        1 queued · 0 running · 3 pending drafts "
