---
source: crates/cli/src/tui.rs
expression: "draw(&mut app, 80, 24).backend()"
---
"┌ Reviews you owe (5) ─────────────────────────────────────────────────────────┐"
"│drafted        3 drafts https://github.com/org/api/pull/481  Retry webhook del│"
"│skipped: title          https://github.com/org/api/pull/490  build(deps): bump│"
"│held                    https://github.com/org/web/pull/77  Fix login flake (b│"
"│waiting 1:40            https://github.com/org/web/pull/78  Bump serde (dana) │"
"└────────┌ Keys ──────────────────────────────────────────────────────┐────────┘"
"┌ Your PR│ q, Ctrl-C       quit serve                                 │────────┐"
"│changes │ Tab, Shift-Tab  next, previous pane                        │search  │"
"│waiting │ j/k, Down/Up    move in the pane                           │w settin│"
"│        │ g/G, Home/End   first, last row                            │        │"
"│        │ r               review now: failed, held or skipped        │        │"
"└────────│ a               archive or unarchive the selected PR       │────────┘"
"┌ Activit│ A               show or hide archived PRs                  │────────┐"
"│16:36:00│ i               skip PRs with titles like the selected one │out of b│"
"│16:35:10│ c               chat with the agent that reviewed it       │        │"
"│16:33:02│ ?, Esc          close this help                            │        │"
"└────────│                                                            │────────┘"
"┌ Log ───│ Drafts are edited and submitted in the dashboard.          │────────┐"
"│16:33:00└────────────────────────────────────────────────────────────┘        │"
"│16:35:10  INFO refresh{url=https://github.com/org/api/pull/481}: summary      │"
"│                                                                              │"
"│                                                                              │"
"└──────────────────────────────────────────────────────────────────────────────┘"
" ? help · q quit       manual reviews · 1 queued · 0 running · 3 pending drafts "
