---
source: crates/cli/src/tui.rs
expression: "draw(&mut app, 80, 24).backend()"
---
"┌ Reviews you owe (4) ─────────────────────────────────────────────────────────┐"
"│queued                  https://github.com/org/web/pull/77  Fix login flake (b│"
"│waiting 1:40            https://github.com/org/web/pull/78  Bump serde (dana) │"
"│crashed                 https://github.com/org/web/pull/79  Cache avatars (car│"
"│               index out of bounds                                            │"
"└──────────────────────────────────────────────────────────────────────────────┘"
"┌ Your PRs (2) ────────────────────────────────────────────────────────────────┐"
"│changes                 https://github.com/org/api/pull/470  Speed up search  │"
"│waiting                 https://github.com/org/web/pull/80  [draft] New settin│"
"│        ┌ Rerun ─────────────────────────────────────────────────────┐        │"
"│        │ Rerun the review of                                        │        │"
"└────────│ https://github.com/org/web/pull/79                         │────────┘"
"┌ Activit│ at its current head? This spends tokens.                   │────────┐"
"│16:36:00│                                                            │out of b│"
"│16:35:10│ y rerun · any other key cancels                            │        │"
"│16:33:02└────────────────────────────────────────────────────────────┘        │"
"└──────────────────────────────────────────────────────────────────────────────┘"
"┌ Log ─────────────────────────────────────────────────────────────────────────┐"
"│16:33:00  INFO watching GitHub user=me                                        │"
"│16:35:10  INFO refresh{url=https://github.com/org/api/pull/481}: summary      │"
"│                                                                              │"
"│                                                                              │"
"└──────────────────────────────────────────────────────────────────────────────┘"
" ? help · q quit                        1 queued · 0 running · 3 pending drafts "
