---
source: crates/cli/src/tui.rs
expression: "draw(&mut app, 80, 24).backend()"
---
"┌ Reviews you owe (5) ─────────────────────────────────────────────────────────┐"
"│approved  drafted        ✎3  https://github.com/org/api/pull/481  Retry webhoo│"
"│—         skipped: title     https://github.com/org/api/pull/490  build(deps):│"
"│2 new     held               https://github.com/org/web/pull/77  Fix login fla│"
"│—         waiting 1:40       https://github.com/org/web/pull/78  Bump serde (d│"
"└────────┌ Keys ──────────────────────────────────────────────────────┐────────┘"
"┌ Your PR│ q, Ctrl-C       quit serve                                 │────────┐"
"│changes │ Tab, Shift-Tab  next, previous pane                        │rch     │"
"│mergeabl│ j/k, Down/Up    move in the pane                           │ettings │"
"│        │ g/G, Home/End   first, last row                            │        │"
"│        │ r               review now: failed, held or skipped        │        │"
"└────────│ a               archive or unarchive the selected PR       │────────┘"
"┌ Activit│ A               show or hide archived PRs                  │────────┐"
"│16:36:00│ i               skip PRs with titles like the selected one │out of b│"
"│16:35:10│ c               chat with the agent that reviewed it       │        │"
"│16:33:02│ o               open it in the dashboard, or the index     │        │"
"└────────│ ?, Esc          close this help                            │────────┘"
"┌ Log ───│                                                            │────────┐"
"│16:33:00│ Drafts are edited and submitted in the dashboard.          │        │"
"│16:35:10└────────────────────────────────────────────────────────────┘ry      │"
"│                                                                              │"
"│                                                                              │"
"└──────────────────────────────────────────────────────────────────────────────┘"
" ? help · q quit       manual reviews · 1 queued · 0 running · 3 pending drafts "
