---
source: crates/cli/src/tui.rs
expression: "draw(&mut app, 80, 24).backend()"
---
"┌ Reviews you owe (5) ─────────────────────────────────────────────────────────┐"
"│approved  drafted        ✎3  https://github.com/org/api/pull/481  Retry webhoo│"
"│—         skipped: title     https://github.com/org/api/pull/490  build(deps):│"
"│2 new   ┌ Keys ──────────────────────────────────────────────────────┐ogin fla│"
"│—       │ q, Ctrl-C       quit serve                                 │serde (d│"
"│—       │ Tab, Shift-Tab  next, previous pane                        │ avatars│"
"│        │ w/p/a/l         jump to owed, yours, activity, log         │        │"
"└────────│ z               pane size: fit, full screen, collapsed     │────────┘"
"┌ Your PR│ Z               every pane back to fit                     │────────┐"
"│changes │ j/k, Down/Up    move in the pane                           │rch     │"
"│mergeabl│ g/G, Home/End   first, last row                            │ettings │"
"└────────│ r               review now: failed, held or skipped        │────────┘"
"┌ Activit│ x               archive or unarchive the selected PR       │────────┐"
"│16:36:00│ X               show or hide archived PRs                  │out of b│"
"│16:35:10│ i               skip PRs with titles like the selected one │        │"
"│16:33:02│ m               turn manual reviews on or off              │        │"
"│16:33:01│ c               chat with the agent that reviewed it       │        │"
"└────────│ o               open it in the dashboard, or the index     │────────┘"
"┌ Log ───│ ?, Esc          close this help                            │────────┐"
"│16:33:00│                                                            │        │"
"│16:35:10│ Drafts are edited and submitted in the dashboard.          │ry      │"
"│        └────────────────────────────────────────────────────────────┘        │"
"└──────────────────────────────────────────────────────────────────────────────┘"
" ? help · q quit       manual reviews · 1 queued · 0 running · 3 pending drafts "
