---
source: crates/cli/src/tui.rs
expression: "draw(&mut app, 80, 24).backend()"
---
"┌ Reviews you owe (2) ─────────────────────────────────────────────────────────┐"
"│drafted   3 drafts  https://github.com/org/api/pull/481  Retry webhook deliver│"
"│held                https://github.com/org/web/pull/77  Fix login flake (bob) │"
"│                                                                              │"
"│                                                                              │"
"└──────────────────────────────────────────────────────────────────────────────┘"
"┌ Your PRs (2) ────────────────────────────────────────────────────────────────┐"
"│changes             https://github.com/org/api/pull/470  Speed up search      │"
"│waiting   ┌ Keys ──────────────────────────────────────────────────┐settings p│"
"│          │ q, Ctrl-C       quit serve                             │          │"
"│          │ Tab, Shift-Tab  next, previous pane                    │          │"
"└──────────│ j/k, Down/Up    move in the pane                       │──────────┘"
"┌ Activity │ g/G, Home/End   first, last row                        │──────────┐"
"│16:35:10  │ ?, Esc          close this help                        │          │"
"│16:33:02  │                                                        │          │"
"│16:33:01  │ Read-only: edit and submit drafts in the dashboard.    │          │"
"└──────────└────────────────────────────────────────────────────────┘──────────┘"
"┌ Log ─────────────────────────────────────────────────────────────────────────┐"
"│16:33:00  INFO watching GitHub user=me                                        │"
"│16:35:10  INFO refresh{url=https://github.com/org/api/pull/481}: summary      │"
"│                                                                              │"
"│                                                                              │"
"└──────────────────────────────────────────────────────────────────────────────┘"
" ? help · q quit         reviews held · 1 queued · 0 running · 3 pending drafts "
